{"event_id": "6355276490342400", "type": "created", "created": "2026-09-22 17:47:36.417748", "error": [], "invoice_id": "4674340276666368", "amount": 24017}
{"event_id": "5783543865671680", "type": "created", "created": "2026-09-22 17:47:37.699790", "error": [], "invoice_id": "4708941271400448", "amount": 28355}
{"event_id": "4947901606789120", "type": "created", "created": "2026-09-22 17:47:38.957000", "error": [], "invoice_id": "5343428200103936", "amount": 37727}
{"event_id": "5046582775382016", "type": "created", "created": "2026-09-22 17:47:40.205012", "error": [], "invoice_id": "6226801672060928", "amount": 36994}
{"event_id": "4887479704879104", "type": "created", "created": "2026-09-22 17:47:41.456160", "error": [], "invoice_id": "5884343293575168", "amount": 45053}
{"event_id": "6073801513631744", "type": "created", "created": "2026-09-22 17:47:42.591342", "error": [], "invoice_id": "5489925239603200", "amount": 28258}
{"event_id": "5510851560210432", "type": "created", "created": "2026-09-22 17:47:43.727557", "error": [], "invoice_id": "4739821616496640", "amount": 25861}
{"event_id": "4540333705134080", "type": "created", "created": "2026-09-22 17:47:44.925318", "error": [], "invoice_id": "4793066527391744", "amount": 20357}
{"event_id": "6520768660242432", "type": "paid", "created": "2026-09-22 17:50:17.580797", "error": [], "invoice_id": "4739821616496640", "amount": 25861}
{"event_id": "5817081218465792", "type": "paid", "created": "2026-09-22 17:50:17.795971", "error": [], "invoice_id": "4793066527391744", "amount": 20357}
{"event_id": "5838231147380736", "type": "paid", "created": "2026-09-22 17:50:25.815433", "error": [], "invoice_id": "4674340276666368", "amount": 24017}
{"event_id": "5254131265044480", "type": "credited", "created": "2026-09-22 17:50:45.231643", "error": [], "invoice_id": "4793066527391744", "amount": 20357}
{"event_id": "4691181311623168", "type": "credited", "created": "2026-09-22 17:50:45.214881", "error": [], "invoice_id": "4739821616496640", "amount": 25861}
{"event_id": "6407004774465536", "type": "paid", "created": "2026-09-22 17:50:27.598466", "error": [], "invoice_id": "6226801672060928", "amount": 36994}
{"event_id": "6531505273176064", "type": "paid", "created": "2026-09-22 17:50:26.147503", "error": [], "invoice_id": "5489925239603200", "amount": 28258}
{"event_id": "4701917924556800", "type": "credited", "created": "2026-09-22 17:50:45.294496", "error": [], "invoice_id": "5489925239603200", "amount": 28258}
{"event_id": "4745210624475136", "type": "credited", "created": "2026-09-22 17:50:45.226645", "error": [], "invoice_id": "5884343293575168", "amount": 45053}
{"event_id": "5689208230903808", "type": "paid", "created": "2026-09-22 17:50:29.887745", "error": [], "invoice_id": "4708941271400448", "amount": 28355}
{"event_id": "5126258277482496", "type": "credited", "created": "2026-09-22 17:50:45.289222", "error": [], "invoice_id": "4708941271400448", "amount": 28355}
{"event_id": "5275281193959424", "type": "credited", "created": "2026-09-22 17:50:45.208896", "error": [], "invoice_id": "4674340276666368", "amount": 24017}
{"event_id": "4999629890912256", "type": "credited", "created": "2026-09-22 17:50:45.321187", "error": [], "invoice_id": "6226801672060928", "amount": 36994}
{"event_id": "6574797973094400", "type": "paid", "created": "2026-09-22 17:50:28.663520", "error": [], "invoice_id": "5884343293575168", "amount": 45053}
{"event_id": "5562579844333568", "type": "sending", "created": "2026-09-22 17:51:44.629653", "error": [], "transfer_id": "4958920428748800", "amount": 20357, "external_id": "5254131265044480", "status": "processing"}
{"event_id": "6125529797754880", "type": "created", "created": "2026-09-22 17:51:42.524595", "error": [], "transfer_id": "4958920428748800", "amount": 20357, "external_id": "5254131265044480", "status": "created"}
{"event_id": "5964563046989824", "type": "created", "created": "2026-09-22 17:51:42.557917", "error": [], "transfer_id": "5452204209078272", "amount": 25861, "external_id": "4691181311623168", "status": "created"}
{"event_id": "5401613093568512", "type": "sending", "created": "2026-09-22 17:51:45.498556", "error": [], "transfer_id": "5452204209078272", "amount": 25861, "external_id": "4691181311623168", "status": "processing"}
{"event_id": "6205742908964864", "type": "success", "created": "2026-09-22 17:51:50.102223", "error": [], "transfer_id": "4958920428748800", "amount": 20357, "external_id": "5254131265044480", "status": "success"}
{"event_id": "6401181100802048", "type": "success", "created": "2026-09-22 17:51:50.771064", "error": [], "transfer_id": "5452204209078272", "amount": 25861, "external_id": "4691181311623168", "status": "success"}
{"event_id": "5709854138695680", "type": "created", "created": "2026-09-22 17:51:43.337235", "error": [], "transfer_id": "5874754995093504", "amount": 28258, "external_id": "4701917924556800", "status": "created"}
{"event_id": "5146904185274368", "type": "sending", "created": "2026-09-22 17:51:53.462757", "error": [], "transfer_id": "5874754995093504", "amount": 28258, "external_id": "4701917924556800", "status": "processing"}
{"event_id": "6435548992897024", "type": "created", "created": "2026-09-22 17:51:43.444621", "error": [], "transfer_id": "6251882618028032", "amount": 45053, "external_id": "4745210624475136", "status": "created"}
{"event_id": "5028174109343744", "type": "sending", "created": "2026-09-22 17:51:54.476536", "error": [], "transfer_id": "6251882618028032", "amount": 45053, "external_id": "4745210624475136", "status": "processing"}
{"event_id": "6268030118526976", "type": "success", "created": "2026-09-22 17:52:24.235895", "error": [], "transfer_id": "6437704948514816", "amount": 28355, "external_id": "5126258277482496", "status": "success"}
{"event_id": "5678037020966912", "type": "success", "created": "2026-09-22 17:52:26.643394", "error": [], "transfer_id": "5934826689396736", "amount": 24017, "external_id": "5275281193959424", "status": "success"}
{"event_id": "5539198713462784", "type": "success", "created": "2026-09-22 17:52:29.766947", "error": [], "transfer_id": "5921416761311232", "amount": 36994, "external_id": "4999629890912256", "status": "success"}
{"event_id": "5574383085551616", "type": "created", "created": "2026-09-22 17:51:43.942279", "error": [], "transfer_id": "6437704948514816", "amount": 28355, "external_id": "5126258277482496", "status": "created"}
{"event_id": "6700282992394240", "type": "sending", "created": "2026-09-22 17:51:56.483330", "error": [], "transfer_id": "6437704948514816", "amount": 28355, "external_id": "5126258277482496", "status": "processing"}
{"event_id": "4844783300771840", "type": "sending", "created": "2026-09-22 17:51:57.442698", "error": [], "transfer_id": "5934826689396736", "amount": 24017, "external_id": "5275281193959424", "status": "processing"}
{"event_id": "6252158184325120", "type": "created", "created": "2026-09-22 17:51:44.416886", "error": [], "transfer_id": "5934826689396736", "amount": 24017, "external_id": "5275281193959424", "status": "created"}
{"event_id": "5808870448955392", "type": "created", "created": "2026-09-22 17:51:44.729180", "error": [], "transfer_id": "5921416761311232", "amount": 36994, "external_id": "4999629890912256", "status": "created"}
{"event_id": "5245920495534080", "type": "sending", "created": "2026-09-22 17:51:58.477318", "error": [], "transfer_id": "5921416761311232", "amount": 36994, "external_id": "4999629890912256", "status": "processing"}
{"event_id": "4534630827425792", "type": "success", "created": "2026-09-22 17:52:17.916164", "error": [], "transfer_id": "6251882618028032", "amount": 45053, "external_id": "4745210624475136", "status": "success"}
{"event_id": "4534498656518144", "type": "success", "created": "2026-09-22 17:52:15.394100", "error": [], "transfer_id": "5874754995093504", "amount": 28258, "external_id": "4701917924556800", "status": "success"}
{"event_id": "5224024618041344", "type": "created", "created": "2026-09-22 20:47:47.025247", "error": [], "invoice_id": "5624318323064832", "amount": 11243}
{"event_id": "6349924524883968", "type": "created", "created": "2026-09-22 20:47:48.401535", "error": [], "invoice_id": "5745207760912384", "amount": 32000}
{"event_id": "6718252766461952", "type": "created", "created": "2026-09-22 20:47:49.803190", "error": [], "invoice_id": "5056480965296128", "amount": 15700}
{"event_id": "5153510281183232", "type": "created", "created": "2026-09-22 20:47:51.154476", "error": [], "invoice_id": "6017690820935680", "amount": 42714}
{"event_id": "4942549641330688", "type": "created", "created": "2026-09-22 20:47:52.503737", "error": [], "invoice_id": "5831566735441920", "amount": 25595}
{"event_id": "6279410188025856", "type": "created", "created": "2026-09-22 20:47:53.925437", "error": [], "invoice_id": "5454740867514368", "amount": 47769}
{"event_id": "6327247097561088", "type": "created", "created": "2026-09-22 20:47:55.299296", "error": [], "invoice_id": "5619430918717440", "amount": 12805}
{"event_id": "6151910325747712", "type": "created", "created": "2026-09-22 20:47:56.638308", "error": [], "invoice_id": "5183465699934208", "amount": 6409}
{"event_id": "6399797685125120", "type": "paid", "created": "2026-09-22 20:51:18.762062", "error": [], "invoice_id": "5619430918717440", "amount": 12805}
{"event_id": "4992422801571840", "type": "credited", "created": "2026-09-22 20:51:20.602883", "error": [], "invoice_id": "5619430918717440", "amount": 12805}
{"event_id": "5992497346510848", "type": "paid", "created": "2026-09-22 20:51:25.356408", "error": [], "invoice_id": "5056480965296128", "amount": 15700}
{"event_id": "6500702573035520", "type": "paid", "created": "2026-09-22 20:51:26.267153", "error": [], "invoice_id": "5624318323064832", "amount": 11243}
{"event_id": "5797015131258880", "type": "paid", "created": "2026-09-22 20:51:26.792088", "error": [], "invoice_id": "5745207760912384", "amount": 32000}
{"event_id": "6133545179807744", "type": "paid", "created": "2026-09-22 20:51:27.132339", "error": [], "invoice_id": "5183465699934208", "amount": 6409}
{"event_id": "5419729534058496", "type": "paid", "created": "2026-09-22 20:51:27.586960", "error": [], "invoice_id": "5454740867514368", "amount": 47769}
{"event_id": "5003435097718784", "type": "paid", "created": "2026-09-22 20:51:28.335609", "error": [], "invoice_id": "6017690820935680", "amount": 42714}
{"event_id": "5429547393089536", "type": "credited", "created": "2026-09-22 20:51:27.320852", "error": [], "invoice_id": "5056480965296128", "amount": 15700}
{"event_id": "4671115224416256", "type": "credited", "created": "2026-09-22 20:51:27.644966", "error": [], "invoice_id": "5624318323064832", "amount": 11243}
{"event_id": "5234065177837568", "type": "credited", "created": "2026-09-22 20:51:28.152338", "error": [], "invoice_id": "5745207760912384", "amount": 32000}
{"event_id": "6545629440901120", "type": "credited", "created": "2026-09-22 20:51:28.737578", "error": [], "invoice_id": "5454740867514368", "amount": 47769}
{"event_id": "5570595226386432", "type": "credited", "created": "2026-09-22 20:51:28.331664", "error": [], "invoice_id": "5183465699934208", "amount": 6409}
{"event_id": "6129335004561408", "type": "credited", "created": "2026-09-22 20:51:29.370355", "error": [], "invoice_id": "6017690820935680", "amount": 42714}
{"event_id": "4528060332769280", "type": "sending", "created": "2026-09-22 20:52:02.270040", "error": [], "transfer_id": "5806619600355328", "amount": 12805, "external_id": "4992422801571840", "status": "processing"}
{"event_id": "6727083588321280", "type": "created", "created": "2026-09-22 20:52:00.344171", "error": [], "transfer_id": "5806619600355328", "amount": 12805, "external_id": "4992422801571840", "status": "created"}
{"event_id": "5734198013329408", "type": "created", "created": "2026-09-22 20:52:02.173924", "error": [], "transfer_id": "5842566262030336", "amount": 15700, "external_id": "5429547393089536", "status": "created"}
{"event_id": "5171248059908096", "type": "sending", "created": "2026-09-22 20:52:04.155581", "error": [], "transfer_id": "5842566262030336", "amount": 15700, "external_id": "5429547393089536", "status": "processing"}
{"event_id": "5985453767917568", "type": "sending", "created": "2026-09-22 20:52:05.114922", "error": [], "transfer_id": "5099594432118784", "amount": 11243, "external_id": "4671115224416256", "status": "processing"}
{"event_id": "4859553861074944", "type": "created", "created": "2026-09-22 20:52:02.297339", "error": [], "transfer_id": "5099594432118784", "amount": 11243, "external_id": "4671115224416256", "status": "created"}
{"event_id": "5241471211405312", "type": "success", "created": "2026-09-22 20:52:06.777819", "error": [], "transfer_id": "5806619600355328", "amount": 12805, "external_id": "4992422801571840", "status": "success"}
{"event_id": "4889773083197440", "type": "sending", "created": "2026-09-22 20:52:05.997540", "error": [], "transfer_id": "6178907399127040", "amount": 32000, "external_id": "5234065177837568", "status": "processing"}
{"event_id": "6297147966750720", "type": "created", "created": "2026-09-22 20:52:02.389165", "error": [], "transfer_id": "6178907399127040", "amount": 32000, "external_id": "5234065177837568", "status": "created"}
{"event_id": "6359965084680192", "type": "created", "created": "2026-09-22 20:52:02.497736", "error": [], "transfer_id": "4567820706775040", "amount": 47769, "external_id": "6545629440901120", "status": "created"}
{"event_id": "4952590201126912", "type": "sending", "created": "2026-09-22 20:52:07.054355", "error": [], "transfer_id": "4567820706775040", "amount": 47769, "external_id": "6545629440901120", "status": "processing"}
{"event_id": "6078490107969536", "type": "created", "created": "2026-09-22 20:52:02.596584", "error": [], "transfer_id": "5257202552012800", "amount": 6409, "external_id": "5570595226386432", "status": "created"}
{"event_id": "5515540154548224", "type": "sending", "created": "2026-09-22 20:52:08.037521", "error": [], "transfer_id": "5257202552012800", "amount": 6409, "external_id": "5570595226386432", "status": "processing"}
{"event_id": "4640579080683520", "type": "sending", "created": "2026-09-22 20:52:09.029633", "error": [], "transfer_id": "5279616308609024", "amount": 42714, "external_id": "6129335004561408", "status": "processing"}
{"event_id": "6681272661835776", "type": "created", "created": "2026-09-22 20:52:03.020019", "error": [], "transfer_id": "5279616308609024", "amount": 42714, "external_id": "6129335004561408", "status": "created"}
{"event_id": "5108988213985280", "type": "success", "created": "2026-09-22 20:52:12.160212", "error": [], "transfer_id": "5842566262030336", "amount": 15700, "external_id": "5429547393089536", "status": "success"}
{"event_id": "5281766326140928", "type": "success", "created": "2026-09-22 20:52:13.418135", "error": [], "transfer_id": "5099594432118784", "amount": 11243, "external_id": "4671115224416256", "status": "success"}
{"event_id": "6603017518841856", "type": "success", "created": "2026-09-22 20:52:15.602194", "error": [], "transfer_id": "6178907399127040", "amount": 32000, "external_id": "5234065177837568", "status": "success"}
{"event_id": "4827590680903680", "type": "success", "created": "2026-09-22 20:52:18.817575", "error": [], "transfer_id": "4567820706775040", "amount": 47769, "external_id": "6545629440901120", "status": "success"}
{"event_id": "4773430170222592", "type": "success", "created": "2026-09-22 20:52:22.491127", "error": [], "transfer_id": "5257202552012800", "amount": 6409, "external_id": "5570595226386432", "status": "success"}
{"event_id": "6228970092101632", "type": "success", "created": "2026-09-22 20:52:26.021461", "error": [], "transfer_id": "5279616308609024", "amount": 42714, "external_id": "6129335004561408", "status": "success"}
{"event_id": "6713716979007488", "type": "created", "created": "2026-09-22 23:47:58.751957", "error": [], "invoice_id": "5122148968431616", "amount": 47615}
{"event_id": "6494046447468544", "type": "created", "created": "2026-09-22 23:48:00.257992", "error": [], "invoice_id": "5219397396332544", "amount": 7787}
{"event_id": "6439526568820736", "type": "created", "created": "2026-09-22 23:48:01.794696", "error": [], "invoice_id": "5162679601725440", "amount": 13525}
{"event_id": "5371754313154560", "type": "created", "created": "2026-09-22 23:48:03.269322", "error": [], "invoice_id": "6345297303175168", "amount": 22168}
{"event_id": "6646997983952896", "type": "created", "created": "2026-09-22 23:48:04.652730", "error": [], "invoice_id": "5342577930797056", "amount": 35986}
{"event_id": "4619438177910784", "type": "created", "created": "2026-09-22 23:48:05.963312", "error": [], "invoice_id": "4906513793548288", "amount": 39339}
{"event_id": "6497654219997184", "type": "created", "created": "2026-09-22 23:48:07.451253", "error": [], "invoice_id": "5973525806448640", "amount": 6128}
{"event_id": "5806654547820544", "type": "created", "created": "2026-09-22 23:48:08.887756", "error": [], "invoice_id": "6032413700390912", "amount": 10006}
{"event_id": "4701036013420544", "type": "created", "created": "2026-09-22 23:48:10.323381", "error": [], "invoice_id": "5923672711757824", "amount": 46920}
{"event_id": "6013679286353920", "type": "paid", "created": "2026-09-22 23:50:25.134117", "error": [], "invoice_id": "5342577930797056", "amount": 35986}
{"event_id": "6475818606264320", "type": "paid", "created": "2026-09-22 23:50:24.771934", "error": [], "invoice_id": "5973525806448640", "amount": 6128}
{"event_id": "4953689712754688", "type": "paid", "created": "2026-09-22 23:50:25.671040", "error": [], "invoice_id": "5923672711757824", "amount": 46920}
{"event_id": "5772131164487680", "type": "paid", "created": "2026-09-22 23:50:25.210945", "error": [], "invoice_id": "5219397396332544", "amount": 7787}
{"event_id": "5897304664440832", "type": "paid", "created": "2026-09-22 23:50:25.509067", "error": [], "invoice_id": "5162679601725440", "amount": 13525}
{"event_id": "5131013779357696", "type": "paid", "created": "2026-09-22 23:50:28.187221", "error": [], "invoice_id": "6032413700390912", "amount": 10006}
{"event_id": "5877023291998208", "type": "paid", "created": "2026-09-22 23:50:26.193990", "error": [], "invoice_id": "4906513793548288", "amount": 39339}
{"event_id": "4928824955895808", "type": "paid", "created": "2026-09-22 23:50:25.771201", "error": [], "invoice_id": "5122148968431616", "amount": 47615}
{"event_id": "5516639666176000", "type": "paid", "created": "2026-09-22 23:50:27.202126", "error": [], "invoice_id": "6345297303175168", "amount": 22168}
{"event_id": "5334354711019520", "type": "credited", "created": "2026-09-22 23:50:49.796523", "error": [], "invoice_id": "5162679601725440", "amount": 13525}
{"event_id": "5314073338576896", "type": "credited", "created": "2026-09-22 23:50:49.858254", "error": [], "invoice_id": "4906513793548288", "amount": 39339}
{"event_id": "6054724862738432", "type": "credited", "created": "2026-09-22 23:50:49.820945", "error": [], "invoice_id": "5122148968431616", "amount": 47615}
{"event_id": "4646231257645056", "type": "credited", "created": "2026-09-22 23:50:49.815770", "error": [], "invoice_id": "5973525806448640", "amount": 6128}
{"event_id": "5209181211066368", "type": "credited", "created": "2026-09-22 23:50:49.787739", "error": [], "invoice_id": "5219397396332544", "amount": 7787}
{"event_id": "6079589619597312", "type": "credited", "created": "2026-09-22 23:50:49.852757", "error": [], "invoice_id": "5923672711757824", "amount": 46920}
{"event_id": "6256913686200320", "type": "credited", "created": "2026-09-22 23:50:49.863423", "error": [], "invoice_id": "6032413700390912", "amount": 10006}
{"event_id": "5450729332932608", "type": "credited", "created": "2026-09-22 23:50:49.809008", "error": [], "invoice_id": "5342577930797056", "amount": 35986}
{"event_id": "6642539573018624", "type": "credited", "created": "2026-09-22 23:50:49.803290", "error": [], "invoice_id": "6345297303175168", "amount": 22168}
{"event_id": "5052879734308864", "type": "sending", "created": "2026-09-22 23:51:57.117404", "error": [], "transfer_id": "4860109404504064", "amount": 39339, "external_id": "5314073338576896", "status": "processing"}
{"event_id": "6460254617862144", "type": "created", "created": "2026-09-22 23:51:54.245986", "error": [], "transfer_id": "4860109404504064", "amount": 39339, "external_id": "5314073338576896", "status": "created"}
{"event_id": "6406540917997568", "type": "created", "created": "2026-09-22 23:51:54.253289", "error": [], "transfer_id": "5596275657408512", "amount": 47615, "external_id": "6054724862738432", "status": "created"}
{"event_id": "4999166034444288", "type": "sending", "created": "2026-09-22 23:51:57.122084", "error": [], "transfer_id": "5596275657408512", "amount": 47615, "external_id": "6054724862738432", "status": "processing"}
{"event_id": "5442123057332224", "type": "sending", "created": "2026-09-22 23:51:57.473738", "error": [], "transfer_id": "4567672664621056", "amount": 13525, "external_id": "5334354711019520", "status": "processing"}
{"event_id": "6005073010753536", "type": "created", "created": "2026-09-22 23:51:54.242835", "error": [], "transfer_id": "4567672664621056", "amount": 13525, "external_id": "5334354711019520", "status": "created"}
{"event_id": "6439973245419520", "type": "created", "created": "2026-09-22 23:51:54.253603", "error": [], "transfer_id": "5916361115041792", "amount": 6128, "external_id": "4646231257645056", "status": "created"}
{"event_id": "5032598361866240", "type": "sending", "created": "2026-09-22 23:51:58.563794", "error": [], "transfer_id": "5916361115041792", "amount": 6128, "external_id": "4646231257645056", "status": "processing"}
{"event_id": "4601845991866368", "type": "created", "created": "2026-09-22 23:51:54.245340", "error": [], "transfer_id": "4790461208199168", "amount": 7787, "external_id": "5209181211066368", "status": "created"}
{"event_id": "5727745898708992", "type": "sending", "created": "2026-09-22 23:51:59.478521", "error": [], "transfer_id": "4790461208199168", "amount": 7787, "external_id": "5209181211066368", "status": "processing"}
{"event_id": "6521474913927168", "type": "created", "created": "2026-09-22 23:51:54.345771", "error": [], "transfer_id": "4840045833879552", "amount": 10006, "external_id": "6256913686200320", "status": "created"}
{"event_id": "4691887565307904", "type": "sending", "created": "2026-09-22 23:52:01.521708", "error": [], "transfer_id": "4840045833879552", "amount": 10006, "external_id": "6256913686200320", "status": "processing"}
{"event_id": "5904536416288768", "type": "sending", "created": "2026-09-22 23:52:01.527010", "error": [], "transfer_id": "6247420717432832", "amount": 46920, "external_id": "6079589619597312", "status": "processing"}
{"event_id": "4778636509446144", "type": "created", "created": "2026-09-22 23:51:54.299581", "error": [], "transfer_id": "6247420717432832", "amount": 46920, "external_id": "6079589619597312", "status": "created"}
{"event_id": "5817787472150528", "type": "created", "created": "2026-09-22 23:51:54.306340", "error": [], "transfer_id": "4712566339141632", "amount": 35986, "external_id": "5450729332932608", "status": "created"}
{"event_id": "5254837518729216", "type": "sending", "created": "2026-09-22 23:52:02.479153", "error": [], "transfer_id": "4712566339141632", "amount": 35986, "external_id": "5450729332932608", "status": "processing"}
{"event_id": "4798281857630208", "type": "success", "created": "2026-09-22 23:52:03.462785", "error": [], "transfer_id": "4567672664621056", "amount": 13525, "external_id": "5334354711019520", "status": "success"}
{"event_id": "6158498268708864", "type": "success", "created": "2026-09-22 23:52:03.787901", "error": [], "transfer_id": "5596275657408512", "amount": 47615, "external_id": "6054724862738432", "status": "success"}
{"event_id": "4592347034157056", "type": "created", "created": "2026-09-22 23:51:55.151054", "error": [], "transfer_id": "6245840169467904", "amount": 22168, "external_id": "6642539573018624", "status": "created"}
{"event_id": "5155296987578368", "type": "success", "created": "2026-09-22 23:52:06.163393", "error": [], "transfer_id": "4860109404504064", "amount": 39339, "external_id": "5314073338576896", "status": "success"}
{"event_id": "5718246940999680", "type": "sending", "created": "2026-09-22 23:52:03.534999", "error": [], "transfer_id": "6245840169467904", "amount": 22168, "external_id": "6642539573018624", "status": "processing"}
{"event_id": "6419683517923328", "type": "success", "created": "2026-09-22 23:52:07.592037", "error": [], "transfer_id": "5916361115041792", "amount": 6128, "external_id": "4646231257645056", "status": "success"}
{"event_id": "5595548315287552", "type": "success", "created": "2026-09-22 23:52:13.618942", "error": [], "transfer_id": "4790461208199168", "amount": 7787, "external_id": "5209181211066368", "status": "success"}
{"event_id": "6047851052793856", "type": "success", "created": "2026-09-22 23:52:18.479899", "error": [], "transfer_id": "4840045833879552", "amount": 10006, "external_id": "6256913686200320", "status": "success"}
{"event_id": "6144848426434560", "type": "success", "created": "2026-09-22 23:52:18.749486", "error": [], "transfer_id": "6247420717432832", "amount": 46920, "external_id": "6079589619597312", "status": "success"}
{"event_id": "6610801006215168", "type": "success", "created": "2026-09-22 23:52:19.930904", "error": [], "transfer_id": "4712566339141632", "amount": 35986, "external_id": "5450729332932608", "status": "success"}
{"event_id": "6009220875419648", "type": "success", "created": "2026-09-22 23:52:27.059240", "error": [], "transfer_id": "6245840169467904", "amount": 22168, "external_id": "6642539573018624", "status": "success"}
{"event_id": "5760965222596608", "type": "created", "created": "2026-09-23 02:48:12.576080", "error": [], "invoice_id": "4881204625014784", "amount": 14359}
{"event_id": "5144052494761984", "type": "created", "created": "2026-09-23 02:48:14.134337", "error": [], "invoice_id": "4791765353627648", "amount": 29884}
{"event_id": "5561186261663744", "type": "created", "created": "2026-09-23 02:48:16.077508", "error": [], "invoice_id": "4573778784813056", "amount": 11669}
{"event_id": "5198015269175296", "type": "created", "created": "2026-09-23 02:48:17.782615", "error": [], "invoice_id": "5551313341382656", "amount": 1469}
{"event_id": "6074935384997888", "type": "created", "created": "2026-09-23 02:48:19.405641", "error": [], "invoice_id": "5559906161655808", "amount": 28322}
{"event_id": "6498444493979648", "type": "created", "created": "2026-09-23 02:48:20.948352", "error": [], "invoice_id": "5699678691655680", "amount": 9570}
{"event_id": "6216333862109184", "type": "created", "created": "2026-09-23 02:48:22.691734", "error": [], "invoice_id": "6340934488817664", "amount": 36481}
{"event_id": "6687086168506368", "type": "created", "created": "2026-09-23 02:48:24.171733", "error": [], "invoice_id": "5136728738234368", "amount": 41296}
{"event_id": "6484932694638592", "type": "paid", "created": "2026-09-23 02:50:22.415448", "error": [], "invoice_id": "4791765353627648", "amount": 29884}
{"event_id": "5479490245885952", "type": "paid", "created": "2026-09-23 02:50:22.916901", "error": [], "invoice_id": "5551313341382656", "amount": 1469}
{"event_id": "5249854685577216", "type": "paid", "created": "2026-09-23 02:50:23.381861", "error": [], "invoice_id": "5136728738234368", "amount": 41296}
{"event_id": "4668857145360384", "type": "paid", "created": "2026-09-23 02:50:24.897083", "error": [], "invoice_id": "5699678691655680", "amount": 9570}
{"event_id": "6287604918517760", "type": "paid", "created": "2026-09-23 02:50:22.971768", "error": [], "invoice_id": "4881204625014784", "amount": 14359}
{"event_id": "5794757052203008", "type": "credited", "created": "2026-09-23 02:50:55.992322", "error": [], "invoice_id": "5699678691655680", "amount": 9570}
{"event_id": "6605390152728576", "type": "credited", "created": "2026-09-23 02:50:55.962532", "error": [], "invoice_id": "5551313341382656", "amount": 1469}
{"event_id": "4655345346019328", "type": "credited", "created": "2026-09-23 02:50:55.980842", "error": [], "invoice_id": "4791765353627648", "amount": 29884}
{"event_id": "6039304336310272", "type": "credited", "created": "2026-09-23 02:50:55.986891", "error": [], "invoice_id": "4573778784813056", "amount": 11669}
{"event_id": "4880230034964480", "type": "credited", "created": "2026-09-23 02:50:55.973859", "error": [], "invoice_id": "4881204625014784", "amount": 14359}
{"event_id": "6375754592419840", "type": "credited", "created": "2026-09-23 02:50:55.998617", "error": [], "invoice_id": "5136728738234368", "amount": 41296}
{"event_id": "4913404429467648", "type": "paid", "created": "2026-09-23 02:50:24.236285", "error": [], "invoice_id": "4573778784813056", "amount": 11669}
{"event_id": "5476354382888960", "type": "created", "created": "2026-09-23 02:51:42.239998", "error": [], "transfer_id": "6190309966872576", "amount": 9570, "external_id": "5794757052203008", "status": "created"}
{"event_id": "6602254289731584", "type": "sending", "created": "2026-09-23 02:51:44.294850", "error": [], "transfer_id": "6190309966872576", "amount": 9570, "external_id": "5794757052203008", "status": "processing"}
{"event_id": "5781245252861952", "type": "created", "created": "2026-09-23 02:51:42.276656", "error": [], "transfer_id": "5476317053059072", "amount": 1469, "external_id": "6605390152728576", "status": "created"}
{"event_id": "5218295299440640", "type": "sending", "created": "2026-09-23 02:51:45.206988", "error": [], "transfer_id": "5476317053059072", "amount": 1469, "external_id": "6605390152728576", "status": "processing"}
{"event_id": "4822314447798272", "type": "created", "created": "2026-09-23 02:51:42.283442", "error": [], "transfer_id": "6668052634533888", "amount": 29884, "external_id": "4655345346019328", "status": "created"}
{"event_id": "5948214354640896", "type": "sending", "created": "2026-09-23 02:51:46.171752", "error": [], "transfer_id": "6668052634533888", "amount": 29884, "external_id": "4655345346019328", "status": "processing"}
{"event_id": "5799317015625728", "type": "created", "created": "2026-09-23 02:51:42.321428", "error": [], "transfer_id": "6753259920293888", "amount": 11669, "external_id": "6039304336310272", "status": "created"}
{"event_id": "5236367062204416", "type": "sending", "created": "2026-09-23 02:51:47.159354", "error": [], "transfer_id": "6753259920293888", "amount": 11669, "external_id": "6039304336310272", "status": "processing"}
{"event_id": "5364788681506816", "type": "sending", "created": "2026-09-23 02:51:48.179846", "error": [], "transfer_id": "5019678546067456", "amount": 14359, "external_id": "4880230034964480", "status": "processing"}
{"event_id": "5927738634928128", "type": "created", "created": "2026-09-23 02:51:42.764046", "error": [], "transfer_id": "5019678546067456", "amount": 14359, "external_id": "4880230034964480", "status": "created"}
{"event_id": "4968379708866560", "type": "success", "created": "2026-09-23 02:51:49.871315", "error": [], "transfer_id": "6190309966872576", "amount": 9570, "external_id": "5794757052203008", "status": "success"}
{"event_id": "6345921615364096", "type": "created", "created": "2026-09-23 02:51:43.731795", "error": [], "transfer_id": "5824236079808512", "amount": 41296, "external_id": "6375754592419840", "status": "created"}
{"event_id": "4938546731810816", "type": "sending", "created": "2026-09-23 02:51:49.193646", "error": [], "transfer_id": "5824236079808512", "amount": 41296, "external_id": "6375754592419840", "status": "processing"}
{"event_id": "4775802804109312", "type": "success", "created": "2026-09-23 02:51:51.951851", "error": [], "transfer_id": "5476317053059072", "amount": 1469, "external_id": "6605390152728576", "status": "success"}
{"event_id": "6094279615709184", "type": "success", "created": "2026-09-23 02:51:53.451303", "error": [], "transfer_id": "6668052634533888", "amount": 29884, "external_id": "4655345346019328", "status": "success"}
{"event_id": "5901702710951936", "type": "success", "created": "2026-09-23 02:51:56.185952", "error": [], "transfer_id": "6753259920293888", "amount": 11669, "external_id": "6039304336310272", "status": "success"}
{"event_id": "5072696176541696", "type": "success", "created": "2026-09-23 02:52:01.686266", "error": [], "transfer_id": "5019678546067456", "amount": 14359, "external_id": "4880230034964480", "status": "success"}
{"event_id": "4962788500307968", "type": "success", "created": "2026-09-23 02:52:03.105799", "error": [], "transfer_id": "5824236079808512", "amount": 41296, "external_id": "6375754592419840", "status": "success"}
{"event_id": "4606675045056512", "type": "created", "created": "2026-09-23 05:48:26.750725", "error": [], "invoice_id": "5623601667506176", "amount": 6000}
{"event_id": "5920039369179136", "type": "created", "created": "2026-09-23 05:48:28.647486", "error": [], "invoice_id": "4534264850808832", "amount": 33468}
{"event_id": "5732574951899136", "type": "created", "created": "2026-09-23 05:48:30.276294", "error": [], "invoice_id": "6654684265709568", "amount": 8260}
{"event_id": "4885460936032256", "type": "created", "created": "2026-09-23 05:48:31.722790", "error": [], "invoice_id": "6074036429783040", "amount": 40988}
{"event_id": "5357089415757824", "type": "created", "created": "2026-09-23 05:48:33.242190", "error": [], "invoice_id": "4613990684557312", "amount": 27404}
{"event_id": "4927732809465856", "type": "created", "created": "2026-09-23 05:48:34.635073", "error": [], "invoice_id": "6636986383204352", "amount": 23591}
{"event_id": "6491203313336320", "type": "created", "created": "2026-09-23 05:48:36.373094", "error": [], "invoice_id": "6749501574348800", "amount": 39194}
{"event_id": "6412769459437568", "type": "created", "created": "2026-09-23 05:48:44.240154", "error": [], "invoice_id": "6471364055662592", "amount": 31995}
{"event_id": "4888115662028800", "type": "created", "created": "2026-09-23 05:48:45.872200", "error": [], "invoice_id": "4596292802052096", "amount": 3271}
{"event_id": "5448410889453568", "type": "created", "created": "2026-09-23 05:48:47.609639", "error": [], "invoice_id": "5722192708894720", "amount": 14116}
{"event_id": "5599232961019904", "type": "created", "created": "2026-09-23 05:48:49.010950", "error": [], "invoice_id": "6285142662316032", "amount": 12388}
{"event_id": "6342251834245120", "type": "paid", "created": "2026-09-23 05:50:18.355387", "error": [], "invoice_id": "4596292802052096", "amount": 3271}
{"event_id": "6377585087348736", "type": "paid", "created": "2026-09-23 05:50:23.313666", "error": [], "invoice_id": "5722192708894720", "amount": 14116}
{"event_id": "6096110110638080", "type": "paid", "created": "2026-09-23 05:50:23.517338", "error": [], "invoice_id": "4613990684557312", "amount": 27404}
{"event_id": "4850276563943424", "type": "paid", "created": "2026-09-23 05:50:25.619626", "error": [], "invoice_id": "6074036429783040", "amount": 40988}
{"event_id": "5697390579810304", "type": "paid", "created": "2026-09-23 05:50:23.198048", "error": [], "invoice_id": "6636986383204352", "amount": 23591}
{"event_id": "4857364065288192", "type": "paid", "created": "2026-09-23 05:50:24.926274", "error": [], "invoice_id": "6285142662316032", "amount": 12388}
{"event_id": "6260340533231616", "type": "paid", "created": "2026-09-23 05:50:23.691245", "error": [], "invoice_id": "5623601667506176", "amount": 6000}
{"event_id": "5138839041998848", "type": "paid", "created": "2026-09-23 05:50:26.529655", "error": [], "invoice_id": "4534264850808832", "amount": 33468}
{"event_id": "4852965649678336", "type": "credited", "created": "2026-09-23 05:50:47.689719", "error": [], "invoice_id": "5623601667506176", "amount": 6000}
{"event_id": "5134440626388992", "type": "credited", "created": "2026-09-23 05:50:47.694848", "error": [], "invoice_id": "6636986383204352", "amount": 23591}
{"event_id": "6144590728396800", "type": "credited", "created": "2026-09-23 05:50:47.679311", "error": [], "invoice_id": "6654684265709568", "amount": 8260}
{"event_id": "4934876950691840", "type": "credited", "created": "2026-09-23 05:50:47.684626", "error": [], "invoice_id": "4596292802052096", "amount": 3271}
{"event_id": "5711802980106240", "type": "paid", "created": "2026-09-23 05:50:24.507684", "error": [], "invoice_id": "6749501574348800", "amount": 39194}
{"event_id": "4970210203795456", "type": "credited", "created": "2026-09-23 05:50:47.748686", "error": [], "invoice_id": "5722192708894720", "amount": 14116}
{"event_id": "5533160157216768", "type": "credited", "created": "2026-09-23 05:50:47.743455", "error": [], "invoice_id": "4613990684557312", "amount": 27404}
{"event_id": "4916453587812352", "type": "credited", "created": "2026-09-23 05:50:47.753770", "error": [], "invoice_id": "6471364055662592", "amount": 31995}
{"event_id": "5976176470786048", "type": "credited", "created": "2026-09-23 05:50:47.738454", "error": [], "invoice_id": "6074036429783040", "amount": 40988}
{"event_id": "5148853026684928", "type": "credited", "created": "2026-09-23 05:50:47.733661", "error": [], "invoice_id": "6749501574348800", "amount": 39194}
{"event_id": "5018690821554176", "type": "paid", "created": "2026-09-23 05:50:24.256117", "error": [], "invoice_id": "6654684265709568", "amount": 8260}
{"event_id": "6264738948841472", "type": "credited", "created": "2026-09-23 05:50:47.726846", "error": [], "invoice_id": "4534264850808832", "amount": 33468}
{"event_id": "6323828471365632", "type": "paid", "created": "2026-09-23 05:50:24.585955", "error": [], "invoice_id": "6471364055662592", "amount": 31995}
{"event_id": "5983263972130816", "type": "credited", "created": "2026-09-23 05:50:47.721645", "error": [], "invoice_id": "6285142662316032", "amount": 12388}
{"event_id": "4716626576932864", "type": "sending", "created": "2026-09-23 05:51:55.859642", "error": [], "transfer_id": "5698729753444352", "amount": 23591, "external_id": "5134440626388992", "status": "processing"}
{"event_id": "6546213925552128", "type": "created", "created": "2026-09-23 05:51:53.466252", "error": [], "transfer_id": "5698729753444352", "amount": 23591, "external_id": "5134440626388992", "status": "created"}
{"event_id": "5224565918138368", "type": "created", "created": "2026-09-23 05:51:53.425384", "error": [], "transfer_id": "6463075320332288", "amount": 6000, "external_id": "4852965649678336", "status": "created"}
{"event_id": "6350465824980992", "type": "sending", "created": "2026-09-23 05:51:55.855321", "error": [], "transfer_id": "6463075320332288", "amount": 6000, "external_id": "4852965649678336", "status": "processing"}
{"event_id": "5279576530354176", "type": "sending", "created": "2026-09-23 05:51:57.616516", "error": [], "transfer_id": "5247661751926784", "amount": 8260, "external_id": "6144590728396800", "status": "processing"}
{"event_id": "5842526483775488", "type": "created", "created": "2026-09-23 05:51:53.581087", "error": [], "transfer_id": "5247661751926784", "amount": 8260, "external_id": "6144590728396800", "status": "created"}
{"event_id": "4583033229803520", "type": "sending", "created": "2026-09-23 05:51:57.612469", "error": [], "transfer_id": "6535900215377920", "amount": 3271, "external_id": "4934876950691840", "status": "processing"}
{"event_id": "6623726810955776", "type": "created", "created": "2026-09-23 05:51:53.430081", "error": [], "transfer_id": "6535900215377920", "amount": 3271, "external_id": "4934876950691840", "status": "created"}
{"event_id": "5145983183224832", "type": "sending", "created": "2026-09-23 05:51:59.577961", "error": [], "transfer_id": "5135779800023040", "amount": 14116, "external_id": "4970210203795456", "status": "processing"}
{"event_id": "5415915603099648", "type": "sending", "created": "2026-09-23 05:52:00.571212", "error": [], "transfer_id": "6278165972385792", "amount": 31995, "external_id": "4916453587812352", "status": "processing"}
{"event_id": "5978865556520960", "type": "created", "created": "2026-09-23 05:51:54.013020", "error": [], "transfer_id": "6278165972385792", "amount": 31995, "external_id": "4916453587812352", "status": "created"}
{"event_id": "5708933136646144", "type": "created", "created": "2026-09-23 05:51:53.901272", "error": [], "transfer_id": "5135779800023040", "amount": 14116, "external_id": "4970210203795456", "status": "created"}
{"event_id": "6042353494654976", "type": "success", "created": "2026-09-23 05:52:01.946349", "error": [], "transfer_id": "5698729753444352", "amount": 23591, "external_id": "5134440626388992", "status": "success"}
{"event_id": "5852540468461568", "type": "created", "created": "2026-09-23 05:51:54.080835", "error": [], "transfer_id": "5810845848174592", "amount": 40988, "external_id": "5976176470786048", "status": "created"}
{"event_id": "4709539075588096", "type": "success", "created": "2026-09-23 05:52:03.683509", "error": [], "transfer_id": "6463075320332288", "amount": 6000, "external_id": "4852965649678336", "status": "success"}
{"event_id": "6556227910238208", "type": "created", "created": "2026-09-23 05:51:54.024229", "error": [], "transfer_id": "4684945941331968", "amount": 27404, "external_id": "5533160157216768", "status": "created"}
{"event_id": "5289590515040256", "type": "sending", "created": "2026-09-23 05:52:02.529197", "error": [], "transfer_id": "5810845848174592", "amount": 40988, "external_id": "5976176470786048", "status": "processing"}
{"event_id": "6541815509942272", "type": "created", "created": "2026-09-23 05:51:54.457313", "error": [], "transfer_id": "5247895894753280", "amount": 39194, "external_id": "5148853026684928", "status": "created"}
{"event_id": "4726640561618944", "type": "sending", "created": "2026-09-23 05:52:01.526084", "error": [], "transfer_id": "4684945941331968", "amount": 27404, "external_id": "5533160157216768", "status": "processing"}
{"event_id": "4864508206514176", "type": "sending", "created": "2026-09-23 05:52:04.662840", "error": [], "transfer_id": "5629903607169024", "amount": 33468, "external_id": "6264738948841472", "status": "processing"}
{"event_id": "6271883090067456", "type": "created", "created": "2026-09-23 05:51:54.720079", "error": [], "transfer_id": "5629903607169024", "amount": 33468, "external_id": "6264738948841472", "status": "created"}
{"event_id": "4712228161323008", "type": "sending", "created": "2026-09-23 05:52:03.542683", "error": [], "transfer_id": "5247895894753280", "amount": 39194, "external_id": "5148853026684928", "status": "processing"}
{"event_id": "5154197173960704", "type": "sending", "created": "2026-09-23 05:52:04.657690", "error": [], "transfer_id": "5066953653747712", "amount": 12388, "external_id": "5983263972130816", "status": "processing"}
{"event_id": "5717147127382016", "type": "created", "created": "2026-09-23 05:51:56.791336", "error": [], "transfer_id": "5066953653747712", "amount": 12388, "external_id": "5983263972130816", "status": "created"}
{"event_id": "4759103971262464", "type": "success", "created": "2026-09-23 05:52:07.250250", "error": [], "transfer_id": "6535900215377920", "amount": 3271, "external_id": "4934876950691840", "status": "success"}
{"event_id": "6605303448076288", "type": "success", "created": "2026-09-23 05:52:08.997609", "error": [], "transfer_id": "5247661751926784", "amount": 8260, "external_id": "6144590728396800", "status": "success"}
{"event_id": "5103654669910016", "type": "success", "created": "2026-09-23 05:52:12.379333", "error": [], "transfer_id": "5135779800023040", "amount": 14116, "external_id": "4970210203795456", "status": "success"}
{"event_id": "6280097080803328", "type": "success", "created": "2026-09-23 05:52:16.236863", "error": [], "transfer_id": "6278165972385792", "amount": 31995, "external_id": "4916453587812352", "status": "success"}
{"event_id": "4661366890168320", "type": "success", "created": "2026-09-23 05:52:18.547436", "error": [], "transfer_id": "4684945941331968", "amount": 27404, "external_id": "5533160157216768", "status": "success"}
{"event_id": "5767759323987968", "type": "success", "created": "2026-09-23 05:52:19.853984", "error": [], "transfer_id": "5810845848174592", "amount": 40988, "external_id": "5976176470786048", "status": "success"}
{"event_id": "6131145601712128", "type": "success", "created": "2026-09-23 05:52:24.363176", "error": [], "transfer_id": "5247895894753280", "amount": 39194, "external_id": "5148853026684928", "status": "success"}
{"event_id": "6330674917670912", "type": "success", "created": "2026-09-23 05:52:26.077022", "error": [], "transfer_id": "5629903607169024", "amount": 33468, "external_id": "6264738948841472", "status": "success"}
{"event_id": "6134015445172224", "type": "success", "created": "2026-09-23 05:52:26.934476", "error": [], "transfer_id": "5066953653747712", "amount": 12388, "external_id": "5983263972130816", "status": "success"}
{"event_id": "6156496377741312", "type": "created", "created": "2026-09-23 08:48:52.059991", "error": [], "invoice_id": "5413874153029632", "amount": 26467}
{"event_id": "6680353975042048", "type": "created", "created": "2026-09-23 08:48:53.716836", "error": [], "invoice_id": "5030913494745088", "amount": 22971}
{"event_id": "4759773180854272", "type": "created", "created": "2026-09-23 08:48:55.197393", "error": [], "invoice_id": "5764074780491776", "amount": 11165}
{"event_id": "5731072250216448", "type": "created", "created": "2026-09-23 08:48:56.704331", "error": [], "invoice_id": "5616639592628224", "amount": 26759}
{"event_id": "5168122296795136", "type": "created", "created": "2026-09-23 08:48:58.529180", "error": [], "invoice_id": "4992761434472448", "amount": 12194}
{"event_id": "6053625351110656", "type": "created", "created": "2026-09-23 08:49:00.173634", "error": [], "invoice_id": "5732260313563136", "amount": 10258}
{"event_id": "5293826426535936", "type": "created", "created": "2026-09-23 08:49:01.849083", "error": [], "invoice_id": "6439761484972032", "amount": 20543}
{"event_id": "5462885063458816", "type": "created", "created": "2026-09-23 08:49:03.465170", "error": [], "invoice_id": "4600135321387008", "amount": 39190}
{"event_id": "5593546424320000", "type": "created", "created": "2026-09-23 08:49:04.823199", "error": [], "invoice_id": "5697518054670336", "amount": 5628}
{"event_id": "5487502608039936", "type": "created", "created": "2026-09-23 08:49:06.225453", "error": [], "invoice_id": "5659846963625984", "amount": 21266}
{"event_id": "5143013314002944", "type": "created", "created": "2026-09-23 08:49:07.545310", "error": [], "invoice_id": "4756238256570368", "amount": 5875}
{"event_id": "5122044914565120", "type": "created", "created": "2026-09-23 08:49:09.012689", "error": [], "invoice_id": "5105770613964800", "amount": 1405}
{"event_id": "4896946483888128", "type": "paid", "created": "2026-09-23 08:50:17.107035", "error": [], "invoice_id": "5030913494745088", "amount": 22971}
{"event_id": "5604198110986240", "type": "paid", "created": "2026-09-23 08:50:18.005901", "error": [], "invoice_id": "4600135321387008", "amount": 39190}
{"event_id": "6221579862671360", "type": "paid", "created": "2026-09-23 08:50:23.878806", "error": [], "invoice_id": "5616639592628224", "amount": 26759}
{"event_id": "6613402514882560", "type": "paid", "created": "2026-09-23 08:50:24.480222", "error": [], "invoice_id": "4992761434472448", "amount": 12194}
{"event_id": "5459896437309440", "type": "paid", "created": "2026-09-23 08:50:24.800007", "error": [], "invoice_id": "4756238256570368", "amount": 5875}
{"event_id": "5575301403246592", "type": "paid", "created": "2026-09-23 08:50:25.157165", "error": [], "invoice_id": "5697518054670336", "amount": 5628}
{"event_id": "5117904566091776", "type": "paid", "created": "2026-09-23 08:50:25.532549", "error": [], "invoice_id": "5764074780491776", "amount": 11165}
{"event_id": "6022846390730752", "type": "credited", "created": "2026-09-23 08:50:48.966642", "error": [], "invoice_id": "5030913494745088", "amount": 22971}
{"event_id": "4814204979118080", "type": "credited", "created": "2026-09-23 08:50:48.995710", "error": [], "invoice_id": "5616639592628224", "amount": 26759}
{"event_id": "4531074762276864", "type": "paid", "created": "2026-09-23 08:50:25.151584", "error": [], "invoice_id": "5105770613964800", "amount": 1405}
{"event_id": "4783815166263296", "type": "credited", "created": "2026-09-23 08:50:49.006729", "error": [], "invoice_id": "4992761434472448", "amount": 12194}
{"event_id": "5813904452616192", "type": "paid", "created": "2026-09-23 08:50:27.129873", "error": [], "invoice_id": "5413874153029632", "amount": 26467}
{"event_id": "6585796344152064", "type": "credited", "created": "2026-09-23 08:50:48.943223", "error": [], "invoice_id": "4756238256570368", "amount": 5875}
{"event_id": "5656974669119488", "type": "credited", "created": "2026-09-23 08:50:48.989903", "error": [], "invoice_id": "5105770613964800", "amount": 1405}
{"event_id": "6730098017828864", "type": "credited", "created": "2026-09-23 08:50:49.017570", "error": [], "invoice_id": "4600135321387008", "amount": 39190}
{"event_id": "6701201310089216", "type": "credited", "created": "2026-09-23 08:50:49.012379", "error": [], "invoice_id": "5697518054670336", "amount": 5628}
{"event_id": "5680854519513088", "type": "credited", "created": "2026-09-23 08:50:48.960673", "error": [], "invoice_id": "6439761484972032", "amount": 20543}
{"event_id": "5250954499194880", "type": "credited", "created": "2026-09-23 08:50:49.023270", "error": [], "invoice_id": "5413874153029632", "amount": 26467}
{"event_id": "4554954612670464", "type": "paid", "created": "2026-09-23 08:50:26.594691", "error": [], "invoice_id": "6439761484972032", "amount": 20543}
{"event_id": "4756208995532800", "type": "paid", "created": "2026-09-23 08:50:28.422823", "error": [], "invoice_id": "5659846963625984", "amount": 21266}
{"event_id": "5882108902375424", "type": "credited", "created": "2026-09-23 08:50:49.001390", "error": [], "invoice_id": "5659846963625984", "amount": 21266}
{"event_id": "4921135370600448", "type": "paid", "created": "2026-09-23 08:50:29.320630", "error": [], "invoice_id": "5732260313563136", "amount": 10258}
{"event_id": "6243804472934400", "type": "credited", "created": "2026-09-23 08:50:48.954936", "error": [], "invoice_id": "5764074780491776", "amount": 11165}
{"event_id": "6047035277443072", "type": "credited", "created": "2026-09-23 08:50:48.949020", "error": [], "invoice_id": "5732260313563136", "amount": 10258}
{"event_id": "5909715073105920", "type": "created", "created": "2026-09-23 08:51:41.341310", "error": [], "transfer_id": "5065269053489152", "amount": 22971, "external_id": "6022846390730752", "status": "created"}
{"event_id": "5346765119684608", "type": "sending", "created": "2026-09-23 08:51:43.485567", "error": [], "transfer_id": "5065269053489152", "amount": 22971, "external_id": "6022846390730752", "status": "processing"}
{"event_id": "6376854406037504", "type": "created", "created": "2026-09-23 08:51:41.467410", "error": [], "transfer_id": "4926971106557952", "amount": 26759, "external_id": "4814204979118080", "status": "created"}
{"event_id": "4969479522484224", "type": "sending", "created": "2026-09-23 08:51:44.295444", "error": [], "transfer_id": "4926971106557952", "amount": 26759, "external_id": "4814204979118080", "status": "processing"}
{"event_id": "5532429475905536", "type": "sending", "created": "2026-09-23 08:51:45.351716", "error": [], "transfer_id": "5770641095524352", "amount": 12194, "external_id": "4783815166263296", "status": "processing"}
{"event_id": "6095379429326848", "type": "created", "created": "2026-09-23 08:51:41.510569", "error": [], "transfer_id": "5770641095524352", "amount": 12194, "external_id": "4783815166263296", "status": "created"}
{"event_id": "6219924622540800", "type": "sending", "created": "2026-09-23 08:51:46.415215", "error": [], "transfer_id": "4768096541736960", "amount": 5875, "external_id": "6585796344152064", "status": "processing"}
{"event_id": "5094024715698176", "type": "created", "created": "2026-09-23 08:51:41.602764", "error": [], "transfer_id": "4768096541736960", "amount": 5875, "external_id": "6585796344152064", "status": "created"}
{"event_id": "6448047481946112", "type": "success", "created": "2026-09-23 08:51:47.970858", "error": [], "transfer_id": "5065269053489152", "amount": 22971, "external_id": "6022846390730752", "status": "success"}
{"event_id": "6337220145840128", "type": "created", "created": "2026-09-23 08:51:41.739728", "error": [], "transfer_id": "5603034795081728", "amount": 1405, "external_id": "5656974669119488", "status": "created"}
{"event_id": "4929845262286848", "type": "sending", "created": "2026-09-23 08:51:47.328991", "error": [], "transfer_id": "5603034795081728", "amount": 1405, "external_id": "5656974669119488", "status": "processing"}
{"event_id": "6055745169129472", "type": "created", "created": "2026-09-23 08:51:41.859013", "error": [], "transfer_id": "4844111154642944", "amount": 39190, "external_id": "6730098017828864", "status": "created"}
{"event_id": "6616575304531968", "type": "created", "created": "2026-09-23 08:51:42.416365", "error": [], "transfer_id": "6700378437451776", "amount": 5628, "external_id": "6701201310089216", "status": "created"}
{"event_id": "4575881723379712", "type": "sending", "created": "2026-09-23 08:51:49.241360", "error": [], "transfer_id": "6700378437451776", "amount": 5628, "external_id": "6701201310089216", "status": "processing"}
{"event_id": "5492795215708160", "type": "sending", "created": "2026-09-23 08:51:48.266759", "error": [], "transfer_id": "4844111154642944", "amount": 39190, "external_id": "6730098017828864", "status": "processing"}
{"event_id": "4812549738987520", "type": "created", "created": "2026-09-23 08:51:42.500744", "error": [], "transfer_id": "5200991362220032", "amount": 26467, "external_id": "5250954499194880", "status": "created"}
{"event_id": "5938449645830144", "type": "sending", "created": "2026-09-23 08:51:50.254022", "error": [], "transfer_id": "5200991362220032", "amount": 26467, "external_id": "5250954499194880", "status": "processing"}
{"event_id": "5966469844697088", "type": "success", "created": "2026-09-23 08:51:51.293318", "error": [], "transfer_id": "4926971106557952", "amount": 26759, "external_id": "4814204979118080", "status": "success"}
{"event_id": "6658329382748160", "type": "success", "created": "2026-09-23 08:51:51.900257", "error": [], "transfer_id": "5770641095524352", "amount": 12194, "external_id": "4783815166263296", "status": "success"}
{"event_id": "4617635801595904", "type": "created", "created": "2026-09-23 08:51:42.461079", "error": [], "transfer_id": "6052871013400576", "amount": 20543, "external_id": "5680854519513088", "status": "created"}
{"event_id": "5743535708438528", "type": "sending", "created": "2026-09-23 08:51:51.225489", "error": [], "transfer_id": "6052871013400576", "amount": 20543, "external_id": "5680854519513088", "status": "processing"}
{"event_id": "6501399599251456", "type": "sending", "created": "2026-09-23 08:51:52.216906", "error": [], "transfer_id": "6035342312341504", "amount": 21266, "external_id": "5882108902375424", "status": "processing"}
{"event_id": "4854674610454528", "type": "sending", "created": "2026-09-23 08:51:53.230390", "error": [], "transfer_id": "5480369052712960", "amount": 11165, "external_id": "6243804472934400", "status": "processing"}
{"event_id": "6262049494007808", "type": "created", "created": "2026-09-23 08:51:43.461992", "error": [], "transfer_id": "5480369052712960", "amount": 11165, "external_id": "6243804472934400", "status": "created"}
{"event_id": "5375499692408832", "type": "created", "created": "2026-09-23 08:51:43.371006", "error": [], "transfer_id": "6035342312341504", "amount": 21266, "external_id": "5882108902375424", "status": "created"}
{"event_id": "5797712157474816", "type": "sending", "created": "2026-09-23 08:51:54.209549", "error": [], "transfer_id": "6120942218510336", "amount": 10258, "external_id": "6047035277443072", "status": "processing"}
{"event_id": "4671812250632192", "type": "created", "created": "2026-09-23 08:51:44.447644", "error": [], "transfer_id": "6120942218510336", "amount": 10258, "external_id": "6047035277443072", "status": "created"}
{"event_id": "5980574517297152", "type": "success", "created": "2026-09-23 08:51:58.657574", "error": [], "transfer_id": "5603034795081728", "amount": 1405, "external_id": "5656974669119488", "status": "success"}
{"event_id": "6492516600250368", "type": "success", "created": "2026-09-23 08:51:59.229919", "error": [], "transfer_id": "4768096541736960", "amount": 5875, "external_id": "6585796344152064", "status": "success"}
{"event_id": "4981307426209792", "type": "success", "created": "2026-09-23 08:52:02.801122", "error": [], "transfer_id": "4844111154642944", "amount": 39190, "external_id": "6730098017828864", "status": "success"}
{"event_id": "6726533832507392", "type": "success", "created": "2026-09-23 08:52:06.171800", "error": [], "transfer_id": "6700378437451776", "amount": 5628, "external_id": "6701201310089216", "status": "success"}
{"event_id": "5631538631278592", "type": "success", "created": "2026-09-23 08:52:08.911136", "error": [], "transfer_id": "5200991362220032", "amount": 26467, "external_id": "5250954499194880", "status": "success"}
{"event_id": "6618695122550784", "type": "success", "created": "2026-09-23 08:52:12.804992", "error": [], "transfer_id": "6052871013400576", "amount": 20543, "external_id": "5680854519513088", "status": "success"}
{"event_id": "5516237180764160", "type": "success", "created": "2026-09-23 08:52:14.953221", "error": [], "transfer_id": "6035342312341504", "amount": 21266, "external_id": "5882108902375424", "status": "success"}
{"event_id": "5797136598302720", "type": "success", "created": "2026-09-23 08:52:19.293701", "error": [], "transfer_id": "5480369052712960", "amount": 11165, "external_id": "6243804472934400", "status": "success"}
{"event_id": "5799367397605376", "type": "success", "created": "2026-09-23 08:52:21.762803", "error": [], "transfer_id": "6120942218510336", "amount": 10258, "external_id": "6047035277443072", "status": "success"}
{"event_id": "5780910077640704", "type": "created", "created": "2026-09-23 11:49:11.054898", "error": [], "invoice_id": "4985884923396096", "amount": 38677}
{"event_id": "5416611924672512", "type": "created", "created": "2026-09-23 11:49:12.753118", "error": [], "invoice_id": "6164297013002240", "amount": 37463}
{"event_id": "6501425201283072", "type": "created", "created": "2026-09-23 11:49:14.126321", "error": [], "invoice_id": "5587111491141632", "amount": 10668}
{"event_id": "6136155412627456", "type": "created", "created": "2026-09-23 11:49:15.648318", "error": [], "invoice_id": "5888838312394752", "amount": 7168}
{"event_id": "5321357972209664", "type": "created", "created": "2026-09-23 11:49:18.102511", "error": [], "invoice_id": "6733743406448640", "amount": 11284}
{"event_id": "5515696283320320", "type": "created", "created": "2026-09-23 11:49:19.989690", "error": [], "invoice_id": "6574640637935616", "amount": 44102}
{"event_id": "4750894778810368", "type": "created", "created": "2026-09-23 11:49:21.439921", "error": [], "invoice_id": "4534720150896640", "amount": 33812}
{"event_id": "5876794685652992", "type": "created", "created": "2026-09-23 11:49:22.916097", "error": [], "invoice_id": "6190099263913984", "amount": 2928}
{"event_id": "5486980668850176", "type": "paid", "created": "2026-09-23 11:51:27.357801", "error": [], "invoice_id": "5587111491141632", "amount": 10668}
{"event_id": "5024482467512320", "type": "paid", "created": "2026-09-23 11:51:27.399023", "error": [], "invoice_id": "6574640637935616", "amount": 44102}
{"event_id": "5342514343575552", "type": "paid", "created": "2026-09-23 11:51:27.922210", "error": [], "invoice_id": "6733743406448640", "amount": 11284}
{"event_id": "6237192068792320", "type": "paid", "created": "2026-09-23 11:51:27.994857", "error": [], "invoice_id": "4985884923396096", "amount": 38677}
{"event_id": "5937084483764224", "type": "paid", "created": "2026-09-23 11:51:28.291110", "error": [], "invoice_id": "6190099263913984", "amount": 2928}
{"event_id": "5363686485524480", "type": "paid", "created": "2026-09-23 11:51:27.475571", "error": [], "invoice_id": "5888838312394752", "amount": 7168}
{"event_id": "6612880575692800", "type": "credited", "created": "2026-09-23 11:51:30.801543", "error": [], "invoice_id": "5587111491141632", "amount": 10668}
{"event_id": "6489586392367104", "type": "credited", "created": "2026-09-23 11:51:30.814294", "error": [], "invoice_id": "5888838312394752", "amount": 7168}
{"event_id": "4829817185239040", "type": "credited", "created": "2026-09-23 11:51:30.790288", "error": [], "invoice_id": "4985884923396096", "amount": 38677}
{"event_id": "6150382374354944", "type": "credited", "created": "2026-09-23 11:51:30.795964", "error": [], "invoice_id": "6574640637935616", "amount": 44102}
{"event_id": "6468414250418176", "type": "credited", "created": "2026-09-23 11:51:30.759970", "error": [], "invoice_id": "6733743406448640", "amount": 11284}
{"event_id": "5429066356752384", "type": "paid", "created": "2026-09-23 11:51:28.226098", "error": [], "invoice_id": "6164297013002240", "amount": 37463}
{"event_id": "6554966263595008", "type": "credited", "created": "2026-09-23 11:51:30.771000", "error": [], "invoice_id": "6164297013002240", "amount": 37463}
{"event_id": "5374134530342912", "type": "credited", "created": "2026-09-23 11:51:30.764999", "error": [], "invoice_id": "6190099263913984", "amount": 2928}
{"event_id": "5587432420933632", "type": "paid", "created": "2026-09-23 11:51:28.958396", "error": [], "invoice_id": "4534720150896640", "amount": 33812}
{"event_id": "6713332327776256", "type": "credited", "created": "2026-09-23 11:51:30.808114", "error": [], "invoice_id": "4534720150896640", "amount": 33812}
{"event_id": "5256546110406656", "type": "sending", "created": "2026-09-23 11:51:58.670935", "error": [], "transfer_id": "5631659544150016", "amount": 10668, "external_id": "6612880575692800", "status": "processing"}
{"event_id": "5819496063827968", "type": "created", "created": "2026-09-23 11:51:56.492934", "error": [], "transfer_id": "5631659544150016", "amount": 10668, "external_id": "6612880575692800", "status": "created"}
{"event_id": "6382446017249280", "type": "created", "created": "2026-09-23 11:51:56.553857", "error": [], "transfer_id": "5991433955704832", "amount": 7168, "external_id": "6489586392367104", "status": "created"}
{"event_id": "4975071133696000", "type": "sending", "created": "2026-09-23 11:51:59.738063", "error": [], "transfer_id": "5991433955704832", "amount": 7168, "external_id": "6489586392367104", "status": "processing"}
{"event_id": "5586065027497984", "type": "created", "created": "2026-09-23 11:51:56.586521", "error": [], "transfer_id": "5594719235080192", "amount": 38677, "external_id": "4829817185239040", "status": "created"}
{"event_id": "6711964934340608", "type": "sending", "created": "2026-09-23 11:52:00.545981", "error": [], "transfer_id": "5594719235080192", "amount": 38677, "external_id": "4829817185239040", "status": "processing"}
{"event_id": "4882255598583808", "type": "created", "created": "2026-09-23 11:51:56.605093", "error": [], "transfer_id": "5652282030948352", "amount": 44102, "external_id": "6150382374354944", "status": "created"}
{"event_id": "6008155505426432", "type": "sending", "created": "2026-09-23 11:52:01.649797", "error": [], "transfer_id": "5652282030948352", "amount": 44102, "external_id": "6150382374354944", "status": "processing"}
{"event_id": "6469161541173248", "type": "sending", "created": "2026-09-23 11:52:02.547469", "error": [], "transfer_id": "5068709590728704", "amount": 11284, "external_id": "6468414250418176", "status": "processing"}
{"event_id": "5343261634330624", "type": "created", "created": "2026-09-23 11:51:56.596312", "error": [], "transfer_id": "5068709590728704", "amount": 11284, "external_id": "6468414250418176", "status": "created"}
{"event_id": "4565718236921856", "type": "success", "created": "2026-09-23 11:52:04.276455", "error": [], "transfer_id": "5631659544150016", "amount": 10668, "external_id": "6612880575692800", "status": "success"}
{"event_id": "5974460513910784", "type": "sending", "created": "2026-09-23 11:52:03.522022", "error": [], "transfer_id": "4808091243642880", "amount": 37463, "external_id": "6554966263595008", "status": "processing"}
{"event_id": "4848560607068160", "type": "created", "created": "2026-09-23 11:51:57.030806", "error": [], "transfer_id": "4808091243642880", "amount": 37463, "external_id": "6554966263595008", "status": "created"}
{"event_id": "4783293227073536", "type": "success", "created": "2026-09-23 11:52:05.167777", "error": [], "transfer_id": "5991433955704832", "amount": 7168, "external_id": "6489586392367104", "status": "success"}
{"event_id": "4585474784493568", "type": "sending", "created": "2026-09-23 11:52:04.534525", "error": [], "transfer_id": "6650731937398784", "amount": 2928, "external_id": "5374134530342912", "status": "processing"}
{"event_id": "6626168365645824", "type": "created", "created": "2026-09-23 11:51:57.180848", "error": [], "transfer_id": "6650731937398784", "amount": 2928, "external_id": "5374134530342912", "status": "created"}
{"event_id": "6601979411824640", "type": "created", "created": "2026-09-23 11:51:57.902645", "error": [], "transfer_id": "5574669925089280", "amount": 33812, "external_id": "6713332327776256", "status": "created"}
{"event_id": "4772392063205376", "type": "sending", "created": "2026-09-23 11:52:05.556563", "error": [], "transfer_id": "5574669925089280", "amount": 33812, "external_id": "6713332327776256", "status": "processing"}
{"event_id": "6500034437185536", "type": "success", "created": "2026-09-23 11:52:07.777250", "error": [], "transfer_id": "5594719235080192", "amount": 38677, "external_id": "4829817185239040", "status": "success"}
{"event_id": "6472143087337472", "type": "success", "created": "2026-09-23 11:52:12.195346", "error": [], "transfer_id": "5652282030948352", "amount": 44102, "external_id": "6150382374354944", "status": "success"}
{"event_id": "5064768203784192", "type": "success", "created": "2026-09-23 11:52:15.195146", "error": [], "transfer_id": "5068709590728704", "amount": 11284, "external_id": "6468414250418176", "status": "success"}
{"event_id": "6100971040538624", "type": "success", "created": "2026-09-23 11:52:17.892748", "error": [], "transfer_id": "4808091243642880", "amount": 37463, "external_id": "6554966263595008", "status": "success"}
{"event_id": "4670447088566272", "type": "success", "created": "2026-09-23 11:52:21.492284", "error": [], "transfer_id": "6650731937398784", "amount": 2928, "external_id": "5374134530342912", "status": "success"}
{"event_id": "5631016692088832", "type": "success", "created": "2026-09-23 11:52:22.824509", "error": [], "transfer_id": "5574669925089280", "amount": 33812, "external_id": "6713332327776256", "status": "success"}
{"event_id": "4938065695473664", "type": "created", "created": "2026-09-23 14:49:25.448250", "error": [], "invoice_id": "5153010690818048", "amount": 19844}
{"event_id": "5149163505844224", "type": "created", "created": "2026-09-23 14:49:26.691831", "error": [], "invoice_id": "6267065077858304", "amount": 46819}
{"event_id": "6275063412686848", "type": "created", "created": "2026-09-23 14:49:28.053993", "error": [], "invoice_id": "4633776827138048", "amount": 39112}
{"event_id": "6438992482926592", "type": "created", "created": "2026-09-23 14:49:29.432541", "error": [], "invoice_id": "5634829852868608", "amount": 19335}
{"event_id": "5031617599373312", "type": "created", "created": "2026-09-23 14:49:30.722655", "error": [], "invoice_id": "4974630498467840", "amount": 3694}
{"event_id": "5694805546369024", "type": "created", "created": "2026-09-23 14:49:32.084138", "error": [], "invoice_id": "6143709590585344", "amount": 47946}
{"event_id": "6331688093745152", "type": "created", "created": "2026-09-23 14:49:33.259994", "error": [], "invoice_id": "6117243800780800", "amount": 11158}
{"event_id": "6374286552465408", "type": "created", "created": "2026-09-23 14:49:42.312691", "error": [], "invoice_id": "5580759637164032", "amount": 17216}
{"event_id": "5328744644870144", "type": "created", "created": "2026-09-23 14:49:43.988271", "error": [], "invoice_id": "5112576727842816", "amount": 35171}
{"event_id": "4519437263175680", "type": "created", "created": "2026-09-23 14:49:45.366964", "error": [], "invoice_id": "4732076716720128", "amount": 5788}
{"event_id": "6454644551712768", "type": "created", "created": "2026-09-23 14:49:46.716508", "error": [], "invoice_id": "5759676733980672", "amount": 23152}
{"event_id": "4792552203485184", "type": "created", "created": "2026-09-23 14:49:48.012956", "error": [], "invoice_id": "4871535714107392", "amount": 9443}
{"event_id": "5534110787829760", "type": "paid", "created": "2026-09-23 14:50:18.122816", "error": [], "invoice_id": "6117243800780800", "amount": 11158}
{"event_id": "6225946133135360", "type": "paid", "created": "2026-09-23 14:50:19.155138", "error": [], "invoice_id": "6143709590585344", "amount": 47946}
{"event_id": "6022442831577088", "type": "paid", "created": "2026-09-23 14:50:19.940237", "error": [], "invoice_id": "6267065077858304", "amount": 46819}
{"event_id": "4818571249582080", "type": "credited", "created": "2026-09-23 14:50:39.664244", "error": [], "invoice_id": "6143709590585344", "amount": 47946}
{"event_id": "6660010694672384", "type": "credited", "created": "2026-09-23 14:50:39.650592", "error": [], "invoice_id": "6117243800780800", "amount": 11158}
{"event_id": "5459492878155776", "type": "credited", "created": "2026-09-23 14:50:39.657120", "error": [], "invoice_id": "6267065077858304", "amount": 46819}
{"event_id": "4584950832037888", "type": "created", "created": "2026-09-23 14:51:48.280600", "error": [], "transfer_id": "5209447079084032", "amount": 47946, "external_id": "4818571249582080", "status": "created"}
{"event_id": "5710850738880512", "type": "sending", "created": "2026-09-23 14:51:50.208077", "error": [], "transfer_id": "5209447079084032", "amount": 47946, "external_id": "4818571249582080", "status": "processing"}
{"event_id": "5706055374340096", "type": "created", "created": "2026-09-23 14:51:48.326894", "error": [], "transfer_id": "6665385459843072", "amount": 11158, "external_id": "6660010694672384", "status": "created"}
{"event_id": "5143105420918784", "type": "sending", "created": "2026-09-23 14:51:51.224609", "error": [], "transfer_id": "6665385459843072", "amount": 11158, "external_id": "6660010694672384", "status": "processing"}
{"event_id": "6585392784998400", "type": "created", "created": "2026-09-23 14:51:48.691789", "error": [], "transfer_id": "5788233281568768", "amount": 46819, "external_id": "5459492878155776", "status": "created"}
{"event_id": "4755805436379136", "type": "sending", "created": "2026-09-23 14:51:52.172514", "error": [], "transfer_id": "5788233281568768", "amount": 46819, "external_id": "5459492878155776", "status": "processing"}
{"event_id": "6357054170595328", "type": "success", "created": "2026-09-23 14:51:53.994534", "error": [], "transfer_id": "5209447079084032", "amount": 47946, "external_id": "4818571249582080", "status": "success"}
{"event_id": "6340664575393792", "type": "success", "created": "2026-09-23 14:51:56.523535", "error": [], "transfer_id": "6665385459843072", "amount": 11158, "external_id": "6660010694672384", "status": "success"}
{"event_id": "6503023365324800", "type": "success", "created": "2026-09-23 14:52:00.333082", "error": [], "transfer_id": "5788233281568768", "amount": 46819, "external_id": "5459492878155776", "status": "success"}
{"event_id": "5389905214046208", "type": "paid", "created": "2026-09-23 14:51:32.675246", "error": [], "invoice_id": "4633776827138048", "amount": 39112}
{"event_id": "5797171629129728", "type": "paid", "created": "2026-09-23 14:51:32.996652", "error": [], "invoice_id": "5153010690818048", "amount": 19844}
{"event_id": "5506606622572544", "type": "paid", "created": "2026-09-23 14:51:32.244079", "error": [], "invoice_id": "5634829852868608", "amount": 19335}
{"event_id": "6632506529415168", "type": "credited", "created": "2026-09-23 14:51:35.623115", "error": [], "invoice_id": "5634829852868608", "amount": 19335}
{"event_id": "6328124243968000", "type": "paid", "created": "2026-09-23 14:51:32.956432", "error": [], "invoice_id": "4974630498467840", "amount": 3694}
{"event_id": "6515805120888832", "type": "credited", "created": "2026-09-23 14:51:35.610616", "error": [], "invoice_id": "4633776827138048", "amount": 39112}
{"event_id": "4591812948262912", "type": "paid", "created": "2026-09-23 14:51:33.865391", "error": [], "invoice_id": "5580759637164032", "amount": 17216}
{"event_id": "4920749360414720", "type": "credited", "created": "2026-09-23 14:51:35.564767", "error": [], "invoice_id": "4974630498467840", "amount": 3694}
{"event_id": "5234221675708416", "type": "credited", "created": "2026-09-23 14:51:35.629193", "error": [], "invoice_id": "5153010690818048", "amount": 19844}
{"event_id": "5254716622110720", "type": "credited", "created": "2026-09-23 14:51:36.074884", "error": [], "invoice_id": "5112576727842816", "amount": 35171}
{"event_id": "5717712855105536", "type": "credited", "created": "2026-09-23 14:51:35.617078", "error": [], "invoice_id": "5580759637164032", "amount": 17216}
{"event_id": "5817666575532032", "type": "paid", "created": "2026-09-23 14:51:34.360204", "error": [], "invoice_id": "5112576727842816", "amount": 35171}
{"event_id": "4673436016705536", "type": "created", "created": "2026-09-23 14:52:01.678704", "error": [], "transfer_id": "4578769517936640", "amount": 19335, "external_id": "6632506529415168", "status": "created"}
{"event_id": "5799335923548160", "type": "sending", "created": "2026-09-23 14:52:03.576888", "error": [], "transfer_id": "4578769517936640", "amount": 19335, "external_id": "6632506529415168", "status": "processing"}
{"event_id": "6269005327761408", "type": "created", "created": "2026-09-23 14:52:01.900124", "error": [], "transfer_id": "6106449052696576", "amount": 39112, "external_id": "6515805120888832", "status": "created"}
{"event_id": "4861630444208128", "type": "sending", "created": "2026-09-23 14:52:04.642219", "error": [], "transfer_id": "6106449052696576", "amount": 39112, "external_id": "6515805120888832", "status": "processing"}
{"event_id": "4933289691840512", "type": "created", "created": "2026-09-23 14:52:02.112776", "error": [], "transfer_id": "5704669424779264", "amount": 3694, "external_id": "4920749360414720", "status": "created"}
{"event_id": "6059189598683136", "type": "sending", "created": "2026-09-23 14:52:05.604857", "error": [], "transfer_id": "5704669424779264", "amount": 3694, "external_id": "4920749360414720", "status": "processing"}
{"event_id": "5236385970126848", "type": "created", "created": "2026-09-23 14:52:02.205051", "error": [], "transfer_id": "5750591785533440", "amount": 19844, "external_id": "5234221675708416", "status": "created"}
{"event_id": "6362285876969472", "type": "sending", "created": "2026-09-23 14:52:06.589585", "error": [], "transfer_id": "5750591785533440", "amount": 19844, "external_id": "5234221675708416", "status": "processing"}
{"event_id": "5999187831816192", "type": "created", "created": "2026-09-23 14:52:02.965836", "error": [], "transfer_id": "5141719471357952", "amount": 35171, "external_id": "5254716622110720", "status": "created"}
{"event_id": "5436237878394880", "type": "sending", "created": "2026-09-23 14:52:07.580751", "error": [], "transfer_id": "5141719471357952", "amount": 35171, "external_id": "5254716622110720", "status": "processing"}
{"event_id": "4900792090230784", "type": "created", "created": "2026-09-23 14:52:03.176374", "error": [], "transfer_id": "4958752019054592", "amount": 17216, "external_id": "5717712855105536", "status": "created"}
{"event_id": "6026691997073408", "type": "sending", "created": "2026-09-23 14:52:08.593306", "error": [], "transfer_id": "4958752019054592", "amount": 17216, "external_id": "5717712855105536", "status": "processing"}
{"event_id": "6360121582551040", "type": "success", "created": "2026-09-23 14:52:09.683508", "error": [], "transfer_id": "4578769517936640", "amount": 19335, "external_id": "6632506529415168", "status": "success"}
{"event_id": "5535487492620288", "type": "success", "created": "2026-09-23 14:52:11.294638", "error": [], "transfer_id": "6106449052696576", "amount": 39112, "external_id": "6515805120888832", "status": "success"}
{"event_id": "6562137785237504", "type": "success", "created": "2026-09-23 14:52:13.183445", "error": [], "transfer_id": "5704669424779264", "amount": 3694, "external_id": "4920749360414720", "status": "success"}
{"event_id": "6472425582100480", "type": "success", "created": "2026-09-23 14:52:16.103831", "error": [], "transfer_id": "5750591785533440", "amount": 19844, "external_id": "5234221675708416", "status": "success"}
{"event_id": "5641116139913216", "type": "success", "created": "2026-09-23 14:52:19.356892", "error": [], "transfer_id": "5141719471357952", "amount": 35171, "external_id": "5254716622110720", "status": "success"}
{"event_id": "4732550436618240", "type": "success", "created": "2026-09-23 14:52:22.005962", "error": [], "transfer_id": "4958752019054592", "amount": 17216, "external_id": "5717712855105536", "status": "success"}
{"event_id": "5492571877408768", "type": "overdue", "created": "2026-09-23 16:45:14.552739", "error": [], "invoice_id": "4853759985319936", "amount": 26726922}
{"event_id": "5680698558513152", "type": "overdue", "created": "2026-09-23 17:33:03.431241", "error": [], "invoice_id": "4685335392944128", "amount": 9962147}
{"event_id": "6546769754718208", "type": "overdue", "created": "2026-09-23 17:33:04.390326", "error": [], "invoice_id": "5778141771464704", "amount": 118305}
